../Core/Src/stm32g4xx_it.c:72:6:NMI_Handler	4	static
../Core/Src/stm32g4xx_it.c:87:6:HardFault_Handler	4	static
../Core/Src/stm32g4xx_it.c:102:6:MemManage_Handler	4	static
../Core/Src/stm32g4xx_it.c:117:6:BusFault_Handler	4	static
../Core/Src/stm32g4xx_it.c:132:6:UsageFault_Handler	4	static
../Core/Src/stm32g4xx_it.c:147:6:DebugMon_Handler	4	static
../Core/Src/stm32g4xx_it.c:167:6:EXTI1_IRQHandler	8	static
../Core/Src/stm32g4xx_it.c:182:6:EXTI2_IRQHandler	8	static
../Core/Src/stm32g4xx_it.c:197:6:DMA1_Channel1_IRQHandler	8	static
../Core/Src/stm32g4xx_it.c:211:6:EXTI15_10_IRQHandler	8	static
../Core/Src/stm32g4xx_it.c:226:6:UART4_IRQHandler	8	static
../Core/Src/stm32g4xx_it.c:240:6:TIM6_DAC_IRQHandler	8	static
