../Core/Src/VL53L1X_api.c:161:15:VL53L1X_GetSWVersion	24	static
../Core/Src/VL53L1X_api.c:172:15:VL53L1X_SetI2CAddress	24	static
../Core/Src/VL53L1X_api.c:180:15:VL53L1X_SensorInit	24	static
../Core/Src/VL53L1X_api.c:200:15:VL53L1X_ClearInterrupt	24	static
../Core/Src/VL53L1X_api.c:208:15:VL53L1X_SetInterruptPolarity	24	static
../Core/Src/VL53L1X_api.c:219:15:VL53L1X_GetInterruptPolarity	24	static
../Core/Src/VL53L1X_api.c:230:15:VL53L1X_StartRanging	24	static
../Core/Src/VL53L1X_api.c:238:15:VL53L1X_StopRanging	24	static
../Core/Src/VL53L1X_api.c:246:15:VL53L1X_CheckForDataReady	24	static
../Core/Src/VL53L1X_api.c:264:15:VL53L1X_SetTimingBudgetInMs	24	static
../Core/Src/VL53L1X_api.c:366:15:VL53L1X_GetTimingBudgetInMs	24	static
../Core/Src/VL53L1X_api.c:407:15:VL53L1X_SetDistanceMode	24	static
../Core/Src/VL53L1X_api.c:442:15:VL53L1X_GetDistanceMode	24	static
../Core/Src/VL53L1X_api.c:454:15:VL53L1X_SetInterMeasurementInMs	24	static
../Core/Src/VL53L1X_api.c:467:15:VL53L1X_GetInterMeasurementInMs	32	static
../Core/Src/VL53L1X_api.c:481:15:VL53L1X_BootState	24	static
../Core/Src/VL53L1X_api.c:491:15:VL53L1X_GetSensorId	24	static
../Core/Src/VL53L1X_api.c:501:15:VL53L1X_GetDistance	24	static
../Core/Src/VL53L1X_api.c:512:15:VL53L1X_GetSignalPerSpad	32	static
../Core/Src/VL53L1X_api.c:525:15:VL53L1X_GetAmbientPerSpad	32	static
../Core/Src/VL53L1X_api.c:536:15:VL53L1X_GetSignalRate	24	static
../Core/Src/VL53L1X_api.c:547:15:VL53L1X_GetSpadNb	24	static
../Core/Src/VL53L1X_api.c:558:15:VL53L1X_GetAmbientRate	24	static
../Core/Src/VL53L1X_api.c:568:15:VL53L1X_GetRangeStatus	24	static
../Core/Src/VL53L1X_api.c:581:15:VL53L1X_GetResult	40	static
../Core/Src/VL53L1X_api.c:600:15:VL53L1X_SetOffset	24	static
../Core/Src/VL53L1X_api.c:613:16:VL53L1X_GetOffset	24	static
../Core/Src/VL53L1X_api.c:631:15:VL53L1X_SetXtalk	24	static
../Core/Src/VL53L1X_api.c:646:15:VL53L1X_GetXtalk	24	static
../Core/Src/VL53L1X_api.c:655:15:VL53L1X_SetDistanceThreshold	32	static
../Core/Src/VL53L1X_api.c:675:15:VL53L1X_GetDistanceThresholdWindow	24	static
../Core/Src/VL53L1X_api.c:684:15:VL53L1X_GetDistanceThresholdLow	24	static
../Core/Src/VL53L1X_api.c:694:15:VL53L1X_GetDistanceThresholdHigh	24	static
../Core/Src/VL53L1X_api.c:704:15:VL53L1X_SetROICenter	24	static
../Core/Src/VL53L1X_api.c:711:15:VL53L1X_GetROICenter	24	static
../Core/Src/VL53L1X_api.c:720:15:VL53L1X_SetROI	24	static
../Core/Src/VL53L1X_api.c:739:15:VL53L1X_GetROI_XY	32	static
../Core/Src/VL53L1X_api.c:750:15:VL53L1X_SetSignalThreshold	24	static
../Core/Src/VL53L1X_api.c:758:15:VL53L1X_GetSignalThreshold	24	static
../Core/Src/VL53L1X_api.c:769:15:VL53L1X_SetSigmaThreshold	24	static
../Core/Src/VL53L1X_api.c:781:15:VL53L1X_GetSigmaThreshold	24	static
../Core/Src/VL53L1X_api.c:792:15:VL53L1X_StartTemperatureUpdate	24	static
